INFO:     Will watch for changes in these directories: ['C:\\Users\\vaant\\Pictures\\TESIS-TAURI']
INFO:     Uvicorn running on http://127.0.0.1:8000 (Press CTRL+C to quit)
INFO:     Started reloader process [11680] using WatchFiles
INFO:     Started server process [8292]
INFO:     Waiting for application startup.
INFO:     Application startup complete.
WARNING:  WatchFiles detected changes in 'api\schemas\auth.py'. Reloading...
 INFO:     Shutting down
INFO:     Waiting for application shutdown.
INFO:     Application shutdown complete.
INFO:     Finished server process [8292]
WARNING:  WatchFiles detected changes in 'api\schemas\profesores.py', 'api\schemas\usuarios.py', 'api\schemas\estudiantes.py'. Reloading...
 INFO:     Started server process [14072]
INFO:     Waiting for application startup.
INFO:     Application startup complete.
INFO:     Shutting down
INFO:     Waiting for application shutdown.
INFO:     Application shutdown complete.
INFO:     Finished server process [14072]
WARNING:  WatchFiles detected changes in 'api\schemas\estudiantes.py'. Reloading...
 INFO:     Started server process [11804]
INFO:     Waiting for application startup.
INFO:     Application startup complete.
INFO:     Shutting down
INFO:     Waiting for application shutdown.
INFO:     Application shutdown complete.
INFO:     Finished server process [11804]
INFO:     Started server process [13604]
INFO:     Waiting for application startup.
INFO:     Application startup complete.
WARNING:  WatchFiles detected changes in 'config_db.py'. Reloading...
 INFO:     Shutting down
INFO:     Waiting for application shutdown.
INFO:     Application shutdown complete.
INFO:     Finished server process [13604]
WARNING:  WatchFiles detected changes in 'config_db.py'. Reloading...
 C:\Users\vaant\Pictures\TESIS-TAURI\config_db.py:31: SyntaxWarning: invalid escape sequence '\d'
  cedula      VARCHAR(20)  UNIQUE NOT NULL CHECK (cedula ~ '^\d{7,8}$'),
C:\Users\vaant\Pictures\TESIS-TAURI\config_db.py:47: SyntaxWarning: invalid escape sequence '\d'
  cedula             VARCHAR(20)  UNIQUE NOT NULL CHECK (cedula ~ '^\d{7,10}$'),
INFO:     Started server process [5800]
INFO:     Waiting for application startup.
INFO:     Application startup complete.
INFO:     Shutting down
INFO:     Waiting for application shutdown.
INFO:     Application shutdown complete.
INFO:     Finished server process [5800]
INFO:     Started server process [13840]
INFO:     Waiting for application startup.
INFO:     Application startup complete.
